../Core/Src/main.c:74:5:_write	24	static
../Core/Src/main.c:84:6:HAL_UART_RxCpltCallback	16	static
../Core/Src/main.c:92:6:HAL_GPIO_EXTI_Callback	16	static
../Core/Src/main.c:96:6:keypad_init	4	static
../Core/Src/main.c:104:9:keypad_handler	24	static
../Core/Src/main.c:267:5:main	16	static
../Core/Src/main.c:377:6:SystemClock_Config	96	static
../Core/Src/main.c:427:13:MX_I2C1_Init	8	static
../Core/Src/main.c:475:13:MX_USART2_UART_Init	8	static
../Core/Src/main.c:510:13:MX_GPIO_Init	48	static
../Core/Src/main.c:585:6:Error_Handler	4	static,ignoring_inline_asm
